Type-safe project accessors is an incubating feature.

> Configure project :app
INFO: No release keystore configured; release builds will not be signed here.

> Task :app:preBuild UP-TO-DATE
> Task :core:core-network:preBuild UP-TO-DATE
> Task :app:preDebugBuild UP-TO-DATE
> Task :core:core-common:preBuild UP-TO-DATE
> Task :feature:feature-farm:preBuild UP-TO-DATE
> Task :core:core-common:preDebugBuild UP-TO-DATE
> Task :core:core-network:preDebugBuild UP-TO-DATE
> Task :feature:feature-farm:preDebugBuild UP-TO-DATE
> Task :app:mergeDebugNativeDebugMetadata NO-SOURCE
> Task :app:checkKotlinGradlePluginConfigurationErrors SKIPPED
> Task :core:core-common:generateDebugResValues FROM-CACHE
> Task :feature:feature-farm:generateDebugResValues FROM-CACHE
> Task :app:generateDebugBuildConfig FROM-CACHE
> Task :core:core-network:generateDebugResValues FROM-CACHE
> Task :feature:feature-farm:writeDebugAarMetadata
> Task :core:core-common:writeDebugAarMetadata
> Task :core:core-network:writeDebugAarMetadata
> Task :app:generateDebugResValues FROM-CACHE
> Task :feature:feature-farm:generateDebugResources FROM-CACHE
> Task :core:core-network:generateDebugResources FROM-CACHE
> Task :core:core-common:generateDebugResources FROM-CACHE
> Task :app:injectCrashlyticsMappingFileIdDebug
> Task :core:core-network:packageDebugResources FROM-CACHE
> Task :core:core-common:packageDebugResources FROM-CACHE
> Task :feature:feature-farm:packageDebugResources FROM-CACHE
> Task :core:core-common:extractDeepLinksDebug FROM-CACHE
> Task :feature:feature-farm:extractDeepLinksDebug FROM-CACHE
> Task :core:core-network:extractDeepLinksDebug FROM-CACHE
> Task :core:core-network:processDebugManifest FROM-CACHE
> Task :feature:feature-farm:processDebugManifest FROM-CACHE
> Task :core:core-common:processDebugManifest FROM-CACHE
> Task :feature:feature-farm:compileDebugLibraryResources FROM-CACHE
> Task :core:core-network:compileDebugLibraryResources FROM-CACHE
> Task :core:core-common:compileDebugLibraryResources FROM-CACHE
> Task :core:core-network:parseDebugLocalResources FROM-CACHE
> Task :feature:feature-farm:parseDebugLocalResources FROM-CACHE
> Task :core:core-common:parseDebugLocalResources FROM-CACHE
> Task :core:core-network:generateDebugRFile FROM-CACHE
> Task :core:core-network:checkKotlinGradlePluginConfigurationErrors SKIPPED
> Task :feature:feature-farm:generateDebugRFile FROM-CACHE
> Task :core:core-common:generateDebugRFile FROM-CACHE
> Task :core:core-common:checkKotlinGradlePluginConfigurationErrors SKIPPED
> Task :feature:feature-farm:checkKotlinGradlePluginConfigurationErrors SKIPPED
> Task :core:core-network:generateDebugBuildConfig FROM-CACHE
> Task :core:core-network:javaPreCompileDebug FROM-CACHE
> Task :core:core-network:mergeDebugShaders
> Task :core:core-network:compileDebugShaders NO-SOURCE
> Task :core:core-network:generateDebugAssets UP-TO-DATE
> Task :core:core-network:mergeDebugAssets
> Task :feature:feature-farm:javaPreCompileDebug FROM-CACHE
> Task :core:core-network:mergeDebugJniLibFolders
> Task :feature:feature-farm:mergeDebugShaders
> Task :core:core-network:mergeDebugNativeLibs NO-SOURCE
> Task :feature:feature-farm:compileDebugShaders NO-SOURCE
> Task :feature:feature-farm:generateDebugAssets UP-TO-DATE
> Task :core:core-network:stripDebugDebugSymbols NO-SOURCE
> Task :core:core-network:copyDebugJniLibsProjectOnly
> Task :feature:feature-farm:mergeDebugAssets
> Task :core:core-network:copyDebugJniLibsProjectAndLocalJars
> Task :core:core-network:extractDeepLinksForAarDebug UP-TO-DATE
> Task :core:core-network:prepareDebugArtProfile UP-TO-DATE
> Task :core:core-network:prepareLintJarForPublish UP-TO-DATE
> Task :feature:feature-farm:mergeDebugJniLibFolders
> Task :feature:feature-farm:mergeDebugNativeLibs NO-SOURCE
> Task :feature:feature-farm:copyDebugJniLibsProjectOnly
> Task :feature:feature-farm:stripDebugDebugSymbols NO-SOURCE
> Task :feature:feature-farm:copyDebugJniLibsProjectAndLocalJars
> Task :feature:feature-farm:extractDeepLinksForAarDebug UP-TO-DATE
> Task :feature:feature-farm:prepareDebugArtProfile UP-TO-DATE
> Task :feature:feature-farm:prepareLintJarForPublish UP-TO-DATE
> Task :app:processDebugGoogleServices FROM-CACHE
> Task :app:checkDebugAarMetadata
> Task :core:core-common:kaptGenerateStubsDebugKotlin FROM-CACHE
> Task :app:mapDebugSourceSetPaths
> Task :app:generateDebugResources FROM-CACHE
> Task :core:core-common:kaptDebugKotlin FROM-CACHE
> Task :core:core-common:compileDebugKotlin FROM-CACHE
> Task :core:core-common:javaPreCompileDebug FROM-CACHE
> Task :core:core-common:compileDebugJavaWithJavac NO-SOURCE
> Task :core:core-common:transformDebugClassesWithAsm FROM-CACHE
> Task :core:core-common:bundleLibCompileToJarDebug
> Task :core:core-common:bundleLibRuntimeToJarDebug
> Task :core:core-common:mergeDebugShaders
> Task :core:core-common:compileDebugShaders NO-SOURCE
> Task :core:core-common:generateDebugAssets UP-TO-DATE
> Task :core:core-common:mergeDebugAssets
> Task :core:core-common:processDebugJavaRes
> Task :core:core-common:mergeDebugJniLibFolders
> Task :core:core-common:mergeDebugNativeLibs NO-SOURCE
> Task :core:core-common:bundleLibRuntimeToDirDebug
> Task :core:core-common:copyDebugJniLibsProjectOnly
> Task :core:core-common:stripDebugDebugSymbols NO-SOURCE
> Task :core:core-common:copyDebugJniLibsProjectAndLocalJars
> Task :core:core-network:kaptGenerateStubsDebugKotlin FROM-CACHE
> Task :core:core-common:extractDebugAnnotations FROM-CACHE
> Task :core:core-common:extractDeepLinksForAarDebug UP-TO-DATE
> Task :core:core-common:mergeDebugGeneratedProguardFiles UP-TO-DATE
> Task :core:core-common:mergeDebugConsumerProguardFiles UP-TO-DATE
> Task :core:core-common:prepareDebugArtProfile UP-TO-DATE
> Task :core:core-common:prepareLintJarForPublish UP-TO-DATE
> Task :core:core-network:kaptDebugKotlin FROM-CACHE
> Task :core:core-common:mergeDebugJavaResource
> Task :core:core-common:syncDebugLibJars FROM-CACHE
> Task :core:core-common:bundleDebugAar
> Task :core:core-common:assembleDebug
> Task :app:mergeDebugResources FROM-CACHE
> Task :core:core-network:compileDebugKotlin FROM-CACHE
> Task :app:packageDebugResources FROM-CACHE
> Task :app:parseDebugLocalResources FROM-CACHE
> Task :core:core-network:compileDebugJavaWithJavac FROM-CACHE
> Task :app:createDebugCompatibleScreenManifests
> Task :app:extractDeepLinksDebug FROM-CACHE
> Task :core:core-network:transformDebugClassesWithAsm FROM-CACHE
> Task :core:core-network:bundleLibCompileToJarDebug
> Task :app:processDebugMainManifest FROM-CACHE
> Task :core:core-network:bundleLibRuntimeToJarDebug
> Task :app:processDebugManifest FROM-CACHE
> Task :core:core-network:processDebugJavaRes
> Task :app:processDebugManifestForPackage FROM-CACHE
> Task :core:core-network:extractDebugAnnotations FROM-CACHE
> Task :core:core-network:mergeDebugGeneratedProguardFiles UP-TO-DATE
> Task :core:core-network:bundleLibRuntimeToDirDebug
> Task :core:core-network:mergeDebugConsumerProguardFiles UP-TO-DATE
> Task :core:core-network:mergeDebugJavaResource
> Task :core:core-network:syncDebugLibJars FROM-CACHE
> Task :core:core-network:bundleDebugAar
> Task :core:core-network:assembleDebug
> Task :feature:feature-farm:kspDebugKotlin FROM-CACHE
> Task :app:processDebugResources FROM-CACHE
> Task :feature:feature-farm:kaptGenerateStubsDebugKotlin FROM-CACHE
> Task :app:javaPreCompileDebug FROM-CACHE
> Task :app:mergeDebugShaders
> Task :app:compileDebugShaders NO-SOURCE
> Task :app:generateDebugAssets UP-TO-DATE
> Task :app:mergeDebugAssets
> Task :app:compressDebugAssets FROM-CACHE
> Task :feature:feature-farm:kaptDebugKotlin FROM-CACHE
> Task :app:desugarDebugFileDependencies FROM-CACHE
> Task :app:mergeDebugJniLibFolders
> Task :feature:feature-farm:compileDebugKotlin FROM-CACHE
> Task :app:validateSigningDebug
> Task :app:mergeDebugNativeLibs
> Task :app:checkDebugDuplicateClasses

> Task :app:stripDebugDebugSymbols
Unable to strip the following libraries, packaging them as they are: libandroidx.graphics.path.so. Run with --info option to learn more.

> Task :feature:feature-farm:compileDebugJavaWithJavac FROM-CACHE
> Task :feature:feature-farm:transformDebugClassesWithAsm FROM-CACHE
> Task :feature:feature-farm:processDebugJavaRes
> Task :feature:feature-farm:bundleLibCompileToJarDebug
> Task :feature:feature-farm:bundleLibRuntimeToJarDebug
> Task :feature:feature-farm:extractDebugAnnotations FROM-CACHE
> Task :feature:feature-farm:mergeDebugGeneratedProguardFiles UP-TO-DATE
> Task :feature:feature-farm:mergeDebugConsumerProguardFiles UP-TO-DATE
> Task :feature:feature-farm:mergeDebugJavaResource
> Task :feature:feature-farm:syncDebugLibJars FROM-CACHE
> Task :feature:feature-farm:bundleDebugAar
> Task :feature:feature-farm:assembleDebug
> Task :feature:feature-farm:bundleLibRuntimeToDirDebug
> Task :app:mergeExtDexDebug FROM-CACHE
> Task :app:kspDebugKotlin FROM-CACHE
> Task :app:mergeLibDexDebug FROM-CACHE
> Task :app:writeDebugAppMetadata
> Task :app:writeDebugSigningConfigVersions

> Task :app:compileDebugKotlin FAILED
e: file:///home/user/StudioProjects/rooster-poultry-management/app/src/main/java/com/example/rooster/HighLevelHomeScreen.kt:779:13 None of the following candidates is applicable:
fun Text(text: AnnotatedString, modifier: Modifier = ..., color: Color = ..., fontSize: TextUnit = ..., fontStyle: FontStyle? = ..., fontWeight: FontWeight? = ..., fontFamily: FontFamily? = ..., letterSpacing: TextUnit = ..., textDecoration: TextDecoration? = ..., textAlign: TextAlign? = ..., lineHeight: TextUnit = ..., overflow: TextOverflow = ..., softWrap: Boolean = ..., maxLines: Int = ..., minLines: Int = ..., inlineContent: Map<String, InlineTextContent> = ..., onTextLayout: (TextLayoutResult) -> Unit = ..., style: TextStyle = ...): Unit
fun Text(text: String, modifier: Modifier = ..., color: Color = ..., fontSize: TextUnit = ..., fontStyle: FontStyle? = ..., fontWeight: FontWeight? = ..., fontFamily: FontFamily? = ..., letterSpacing: TextUnit = ..., textDecoration: TextDecoration? = ..., textAlign: TextAlign? = ..., lineHeight: TextUnit = ..., overflow: TextOverflow = ..., softWrap: Boolean = ..., maxLines: Int = ..., minLines: Int = ..., onTextLayout: ((TextLayoutResult) -> Unit)? = ..., style: TextStyle = ...): Unit
e: file:///home/user/StudioProjects/rooster-poultry-management/app/src/main/java/com/example/rooster/HighLevelHomeScreen.kt:866:13 None of the following candidates is applicable:
fun Text(text: AnnotatedString, modifier: Modifier = ..., color: Color = ..., fontSize: TextUnit = ..., fontStyle: FontStyle? = ..., fontWeight: FontWeight? = ..., fontFamily: FontFamily? = ..., letterSpacing: TextUnit = ..., textDecoration: TextDecoration? = ..., textAlign: TextAlign? = ..., lineHeight: TextUnit = ..., overflow: TextOverflow = ..., softWrap: Boolean = ..., maxLines: Int = ..., minLines: Int = ..., inlineContent: Map<String, InlineTextContent> = ..., onTextLayout: (TextLayoutResult) -> Unit = ..., style: TextStyle = ...): Unit
fun Text(text: String, modifier: Modifier = ..., color: Color = ..., fontSize: TextUnit = ..., fontStyle: FontStyle? = ..., fontWeight: FontWeight? = ..., fontFamily: FontFamily? = ..., letterSpacing: TextUnit = ..., textDecoration: TextDecoration? = ..., textAlign: TextAlign? = ..., lineHeight: TextUnit = ..., overflow: TextOverflow = ..., softWrap: Boolean = ..., maxLines: Int = ..., minLines: Int = ..., onTextLayout: ((TextLayoutResult) -> Unit)? = ..., style: TextStyle = ...): Unit
e: file:///home/user/StudioProjects/rooster-poultry-management/app/src/main/java/com/example/rooster/HighLevelHomeScreen.kt:1111:29 No parameter with name 'description' found.
e: file:///home/user/StudioProjects/rooster-poultry-management/app/src/main/java/com/example/rooster/HighLevelHomeScreen.kt:1112:29 No parameter with name 'descriptionTe' found.
e: file:///home/user/StudioProjects/rooster-poultry-management/app/src/main/java/com/example/rooster/HighLevelHomeScreen.kt:1120:29 No parameter with name 'description' found.
e: file:///home/user/StudioProjects/rooster-poultry-management/app/src/main/java/com/example/rooster/HighLevelHomeScreen.kt:1121:29 No parameter with name 'descriptionTe' found.
e: file:///home/user/StudioProjects/rooster-poultry-management/app/src/main/java/com/example/rooster/HighLevelHomeScreen.kt:1129:29 No parameter with name 'description' found.
e: file:///home/user/StudioProjects/rooster-poultry-management/app/src/main/java/com/example/rooster/HighLevelHomeScreen.kt:1130:29 No parameter with name 'descriptionTe' found.
e: file:///home/user/StudioProjects/rooster-poultry-management/app/src/main/java/com/example/rooster/HighLevelHomeScreen.kt:1138:29 No parameter with name 'description' found.
e: file:///home/user/StudioProjects/rooster-poultry-management/app/src/main/java/com/example/rooster/HighLevelHomeScreen.kt:1139:29 No parameter with name 'descriptionTe' found.
e: file:///home/user/StudioProjects/rooster-poultry-management/app/src/main/java/com/example/rooster/HighLevelHomeScreen.kt:1188:19 Argument type mismatch: actual type is 'kotlin.Int', but 'kotlin.String' was expected.
e: file:///home/user/StudioProjects/rooster-poultry-management/app/src/main/java/com/example/rooster/HighLevelHomeScreen.kt:1188:64 Argument type mismatch: actual type is 'kotlin.Int', but 'kotlin.Double' was expected.
e: file:///home/user/StudioProjects/rooster-poultry-management/app/src/main/java/com/example/rooster/HighLevelHomeScreen.kt:1189:19 Argument type mismatch: actual type is 'kotlin.Int', but 'kotlin.String' was expected.
e: file:///home/user/StudioProjects/rooster-poultry-management/app/src/main/java/com/example/rooster/HighLevelHomeScreen.kt:1189:60 Argument type mismatch: actual type is 'kotlin.Int', but 'kotlin.Double' was expected.
e: file:///home/user/StudioProjects/rooster-poultry-management/app/src/main/java/com/example/rooster/HighLevelHomeScreen.kt:1190:19 Argument type mismatch: actual type is 'kotlin.Int', but 'kotlin.String' was expected.
e: file:///home/user/StudioProjects/rooster-poultry-management/app/src/main/java/com/example/rooster/HighLevelHomeScreen.kt:1190:63 Argument type mismatch: actual type is 'kotlin.Int', but 'kotlin.Double' was expected.
e: file:///home/user/StudioProjects/rooster-poultry-management/app/src/main/java/com/example/rooster/HighLevelHomeScreen.kt:1191:19 Argument type mismatch: actual type is 'kotlin.Int', but 'kotlin.String' was expected.
e: file:///home/user/StudioProjects/rooster-poultry-management/app/src/main/java/com/example/rooster/HighLevelHomeScreen.kt:1191:65 Argument type mismatch: actual type is 'kotlin.Int', but 'kotlin.Double' was expected.
e: file:///home/user/StudioProjects/rooster-poultry-management/app/src/main/java/com/example/rooster/HighLevelHomeScreen.kt:1192:19 Argument type mismatch: actual type is 'kotlin.Int', but 'kotlin.String' was expected.
e: file:///home/user/StudioProjects/rooster-poultry-management/app/src/main/java/com/example/rooster/HighLevelHomeScreen.kt:1192:63 Argument type mismatch: actual type is 'kotlin.Int', but 'kotlin.Double' was expected.
e: file:///home/user/StudioProjects/rooster-poultry-management/app/src/main/java/com/example/rooster/MarketplaceScreen.kt:52:64 Unresolved reference 'AUCTIONS'.
e: file:///home/user/StudioProjects/rooster-poultry-management/app/src/main/java/com/example/rooster/NotificationPermissionHandler.kt:83:47 Unresolved reference 'hasNotificationPermission'.
e: file:///home/user/StudioProjects/rooster-poultry-management/app/src/main/java/com/example/rooster/NotificationPermissionHandler.kt:170:55 Unresolved reference 'hasNotificationPermission'.
e: file:///home/user/StudioProjects/rooster-poultry-management/app/src/main/java/com/example/rooster/PerformanceOptimization.kt:154:17 Unresolved reference 'getLegacyNetworkQuality'.
e: file:///home/user/StudioProjects/rooster-poultry-management/app/src/main/java/com/example/rooster/auction/remote/AuctionWebSocketClient.kt:51:64 Argument type mismatch: actual type is 'kotlin.String', but 'kotlin.Double' was expected.
e: file:///home/user/StudioProjects/rooster-poultry-management/app/src/main/java/com/example/rooster/auction/remote/AuctionWebSocketClient.kt:51:74 Argument type mismatch: actual type is 'kotlin.Double', but 'kotlin.String' was expected.
e: file:///home/user/StudioProjects/rooster-poultry-management/app/src/main/java/com/example/rooster/auction/ui/AuctionScreen.kt:237:29 Unresolved reference 'RoundedCornerShape'.
e: file:///home/user/StudioProjects/rooster-poultry-management/app/src/main/java/com/example/rooster/auction/ui/AuctionViewModel.kt:260:33 No parameter with name 'amount' found.
e: file:///home/user/StudioProjects/rooster-poultry-management/app/src/main/java/com/example/rooster/auction/ui/AuctionViewModel.kt:261:33 No parameter with name 'bidderId' found.
e: file:///home/user/StudioProjects/rooster-poultry-management/app/src/main/java/com/example/rooster/auction/ui/AuctionViewModel.kt:263:33 No value passed for parameter 'bidAmount'.
e: file:///home/user/StudioProjects/rooster-poultry-management/app/src/main/java/com/example/rooster/auction/ui/AuctionViewModel.kt:263:33 No value passed for parameter 'bidderName'.
e: file:///home/user/StudioProjects/rooster-poultry-management/app/src/main/java/com/example/rooster/data/repositories/UserRepositoryImpl.kt:13:1 Class 'UserRepositoryImpl' is not abstract and does not implement abstract member 'getUserRole'.
e: file:///home/user/StudioProjects/rooster-poultry-management/app/src/main/java/com/example/rooster/data/repositories/UserRepositoryImpl.kt:15:44 Return type of 'getCurrentUser' is not a subtype of the return type of the overridden member 'suspend fun getCurrentUser(): String?' defined in 'com/example/rooster/domain/repository/UserRepository'.
e: file:///home/user/StudioProjects/rooster-poultry-management/app/src/main/java/com/example/rooster/data/repositories/UserRepositoryImpl.kt:39:5 'getUser' overrides nothing.
e: file:///home/user/StudioProjects/rooster-poultry-management/app/src/main/java/com/example/rooster/data/repositories/UserRepositoryImpl.kt:48:5 'updateUser' overrides nothing.
e: file:///home/user/StudioProjects/rooster-poultry-management/app/src/main/java/com/example/rooster/data/repositories/UserRepositoryImpl.kt:53:5 'updateUserCoins' overrides nothing.
e: file:///home/user/StudioProjects/rooster-poultry-management/app/src/main/java/com/example/rooster/data/repositories/UserRepositoryImpl.kt:63:5 'searchUsers' overrides nothing.
e: file:///home/user/StudioProjects/rooster-poultry-management/app/src/main/java/com/example/rooster/data/sync/DataSyncWorker.kt:22:23 Cannot access 'static fun getLocalDatastore(): OfflineStore!': it is package-private in 'com/parse/Parse'.
e: file:///home/user/StudioProjects/rooster-poultry-management/app/src/main/java/com/example/rooster/services/Back4AppService.kt:36:13 Type mismatch: inferred type is 'kotlin.Unit?', but 'kotlin.Boolean?' was expected.
e: file:///home/user/StudioProjects/rooster-poultry-management/app/src/main/java/com/example/rooster/services/Back4AppService.kt:36:13 Return type mismatch: expected 'kotlin.Boolean', actual 'kotlin.Any'.
e: file:///home/user/StudioProjects/rooster-poultry-management/app/src/main/java/com/example/rooster/services/Back4AppService.kt:215:20 Type mismatch: inferred type is 'kotlin.Unit?', but 'com.example.rooster.services.HealthStatus?' was expected.
e: file:///home/user/StudioProjects/rooster-poultry-management/app/src/main/java/com/example/rooster/services/Back4AppService.kt:215:20 Return type mismatch: expected 'com.example.rooster.services.HealthStatus', actual 'kotlin.Any'.
e: file:///home/user/StudioProjects/rooster-poultry-management/app/src/main/java/com/example/rooster/ui/EnhancedAuctionCreationScreen.kt:246:56 Unresolved reference 'MARKETPLACE'.
e: file:///home/user/StudioProjects/rooster-poultry-management/app/src/main/java/com/example/rooster/ui/EnhancedAuctionCreationScreen.kt:247:45 Unresolved reference 'MARKETPLACE'.
e: file:///home/user/StudioProjects/rooster-poultry-management/app/src/main/java/com/example/rooster/ui/EnhancedAuctionCreationScreen.kt:248:25 Cannot access 'var inclusive: Boolean': it is private in 'androidx/navigation/NavOptionsBuilder'.
e: file:///home/user/StudioProjects/rooster-poultry-management/app/src/main/java/com/example/rooster/ui/EnhancedAuctionCreationScreen.kt:261:64 Unresolved reference 'MARKETPLACE'.
e: file:///home/user/StudioProjects/rooster-poultry-management/app/src/main/java/com/example/rooster/ui/EnhancedAuctionCreationScreen.kt:262:53 Unresolved reference 'MARKETPLACE'.
e: file:///home/user/StudioProjects/rooster-poultry-management/app/src/main/java/com/example/rooster/ui/EnhancedAuctionCreationScreen.kt:263:33 Cannot access 'var inclusive: Boolean': it is private in 'androidx/navigation/NavOptionsBuilder'.
e: file:///home/user/StudioProjects/rooster-poultry-management/app/src/main/java/com/example/rooster/ui/RoleBasedNavigation.kt:31:35 Unresolved reference 'Modifier'.
e: file:///home/user/StudioProjects/rooster-poultry-management/app/src/main/java/com/example/rooster/ui/components/PhotoUploadComponents.kt:80:45 Unresolved reference 'newUri'.
e: file:///home/user/StudioProjects/rooster-poultry-management/app/src/main/java/com/example/rooster/ui/create/CreatePostScreen.kt:144:21 No parameter with name 'mediaTypes' found.
e: file:///home/user/StudioProjects/rooster-poultry-management/app/src/main/java/com/example/rooster/ui/farm/FarmDashboardScreen.kt:72:26 Unresolved reference 'FarmDashboardTab'.
e: file:///home/user/StudioProjects/rooster-poultry-management/app/src/main/java/com/example/rooster/ui/farm/FarmDashboardScreen.kt:1019:28 Unresolved reference 'NavigationRoute'.
e: file:///home/user/StudioProjects/rooster-poultry-management/app/src/main/java/com/example/rooster/ui/farm/FarmDashboardScreen.kt:1024:28 Unresolved reference 'NavigationRoute'.
e: file:///home/user/StudioProjects/rooster-poultry-management/app/src/main/java/com/example/rooster/ui/farm/FarmDashboardScreen.kt:1029:28 Unresolved reference 'NavigationRoute'.
e: file:///home/user/StudioProjects/rooster-poultry-management/app/src/main/java/com/example/rooster/ui/farm/FarmDashboardScreen.kt:1034:28 Unresolved reference 'NavigationRoute'.
e: file:///home/user/StudioProjects/rooster-poultry-management/app/src/main/java/com/example/rooster/ui/farm/FarmDashboardScreen.kt:1038:65 Unresolved reference 'Chicken'.
e: file:///home/user/StudioProjects/rooster-poultry-management/app/src/main/java/com/example/rooster/ui/farm/FarmDashboardScreen.kt:1039:28 Unresolved reference 'NavigationRoute'.
e: file:///home/user/StudioProjects/rooster-poultry-management/app/src/main/java/com/example/rooster/ui/farm/FarmDashboardScreen.kt:1044:28 Unresolved reference 'NavigationRoute'.
e: file:///home/user/StudioProjects/rooster-poultry-management/app/src/main/java/com/example/rooster/ui/farm/FarmDashboardScreen.kt:1049:28 Unresolved reference 'NavigationRoute'.
e: file:///home/user/StudioProjects/rooster-poultry-management/app/src/main/java/com/example/rooster/ui/farm/FarmDashboardScreen.kt:1064:28 Unresolved reference 'NavigationRoute'.
e: file:///home/user/StudioProjects/rooster-poultry-management/app/src/main/java/com/example/rooster/ui/farm/FarmDashboardScreen.kt:1069:28 Unresolved reference 'NavigationRoute'.
e: file:///home/user/StudioProjects/rooster-poultry-management/app/src/main/java/com/example/rooster/ui/farm/FarmDashboardScreen.kt:1084:28 Unresolved reference 'NavigationRoute'.
e: file:///home/user/StudioProjects/rooster-poultry-management/app/src/main/java/com/example/rooster/ui/farm/FarmDashboardScreen.kt:1089:28 Unresolved reference 'NavigationRoute'.
e: file:///home/user/StudioProjects/rooster-poultry-management/app/src/main/java/com/example/rooster/ui/farm/FarmDashboardScreen.kt:1094:28 Unresolved reference 'NavigationRoute'.
e: file:///home/user/StudioProjects/rooster-poultry-management/app/src/main/java/com/example/rooster/ui/farm/FarmDashboardScreen.kt:1099:28 Unresolved reference 'NavigationRoute'.
e: file:///home/user/StudioProjects/rooster-poultry-management/app/src/main/java/com/example/rooster/ui/farm/FarmDashboardScreen.kt:1104:28 Unresolved reference 'NavigationRoute'.
e: file:///home/user/StudioProjects/rooster-poultry-management/app/src/main/java/com/example/rooster/ui/farm/FarmDashboardScreen.kt:1109:28 Unresolved reference 'NavigationRoute'.
e: file:///home/user/StudioProjects/rooster-poultry-management/app/src/main/java/com/example/rooster/ui/farm/SimpleFarmerScreen.kt:169:45 Unresolved reference 'Waving'.
e: file:///home/user/StudioProjects/rooster-poultry-management/app/src/main/java/com/example/rooster/ui/marketplace/CreateListingScreen.kt:88:19 Unresolved reference 'setContext'.
e: file:///home/user/StudioProjects/rooster-poultry-management/app/src/main/java/com/example/rooster/ui/payment/PaymentScreen.kt:62:54 Unresolved reference 'placeOrder'.
e: file:///home/user/StudioProjects/rooster-poultry-management/app/src/main/java/com/example/rooster/ui/payment/PaymentScreen.kt:66:21 Cannot infer type for this parameter. Please specify it explicitly.
e: file:///home/user/StudioProjects/rooster-poultry-management/app/src/main/java/com/example/rooster/util/CrashPrevention.kt:130:16 Return type mismatch: expected 'T?', actual 'kotlin.Unit?'.
e: file:///home/user/StudioProjects/rooster-poultry-management/app/src/main/java/com/example/rooster/util/CrashPrevention.kt:131:47 Argument type mismatch: actual type is 'kotlin.Function1<android.content.Context, T>', but 'kotlin.Function0<kotlin.Unit>' was expected.
e: file:///home/user/StudioProjects/rooster-poultry-management/app/src/main/java/com/example/rooster/viewmodel/ChatViewModel.kt:61:44 Unresolved reference 'userId'.
e: file:///home/user/StudioProjects/rooster-poultry-management/app/src/main/java/com/example/rooster/viewmodel/ChatViewModel.kt:89:68 Unresolved reference 'userId'.
e: file:///home/user/StudioProjects/rooster-poultry-management/app/src/main/java/com/example/rooster/viewmodel/ChatViewModel.kt:156:71 Unresolved reference 'userId'.
e: file:///home/user/StudioProjects/rooster-poultry-management/app/src/main/java/com/example/rooster/viewmodel/PaymentViewModel.kt:57:42 Unresolved reference 'userId'.
e: file:///home/user/StudioProjects/rooster-poultry-management/app/src/main/java/com/example/rooster/viewmodel/PaymentViewModel.kt:85:40 Unresolved reference 'coins'.
e: file:///home/user/StudioProjects/rooster-poultry-management/app/src/main/java/com/example/rooster/viewmodel/PaymentViewModel.kt:91:38 Unresolved reference 'userId'.
e: file:///home/user/StudioProjects/rooster-poultry-management/app/src/main/java/com/example/rooster/viewmodel/PaymentViewModel.kt:98:28 Unresolved reference 'updateUserCoins'.
e: file:///home/user/StudioProjects/rooster-poultry-management/app/src/main/java/com/example/rooster/viewmodel/PaymentViewModel.kt:98:56 Unresolved reference 'userId'.
e: file:///home/user/StudioProjects/rooster-poultry-management/app/src/main/java/com/example/rooster/viewmodel/PaymentViewModel.kt:138:53 Unresolved reference 'coins'.
e: file:///home/user/StudioProjects/rooster-poultry-management/app/src/main/java/com/example/rooster/viewmodel/PaymentViewModel.kt:154:42 Unresolved reference 'userId'.
e: file:///home/user/StudioProjects/rooster-poultry-management/app/src/main/java/com/example/rooster/viewmodel/PaymentViewModel.kt:161:32 Unresolved reference 'updateUserCoins'.
e: file:///home/user/StudioProjects/rooster-poultry-management/app/src/main/java/com/example/rooster/viewmodel/PaymentViewModel.kt:161:60 Unresolved reference 'userId'.
e: file:///home/user/StudioProjects/rooster-poultry-management/app/src/main/java/com/example/rooster/viewmodel/PaymentViewModel.kt:161:80 Unresolved reference 'coins'.
e: file:///home/user/StudioProjects/rooster-poultry-management/app/src/main/java/com/example/rooster/viewmodel/PaymentViewModel.kt:163:53 Unresolved reference 'coins'.
e: file:///home/user/StudioProjects/rooster-poultry-management/app/src/main/java/com/example/rooster/viewmodel/PaymentViewModel.kt:173:84 Unresolved reference 'userId'.
e: file:///home/user/StudioProjects/rooster-poultry-management/app/src/main/java/com/example/rooster/viewmodel/PaymentViewModel.kt:177:86 Unresolved reference 'userId'.
e: file:///home/user/StudioProjects/rooster-poultry-management/app/src/main/java/com/example/rooster/viewmodel/PostViewModel.kt:51:38 Unresolved reference 'userId'.
e: file:///home/user/StudioProjects/rooster-poultry-management/app/src/main/java/com/example/rooster/viewmodel/PostViewModel.kt:52:40 Unresolved reference 'username'.
e: file:///home/user/StudioProjects/rooster-poultry-management/app/src/main/java/com/example/rooster/viewmodel/PostViewModel.kt:53:46 Unresolved reference 'profilePicture'.
e: file:///home/user/StudioProjects/rooster-poultry-management/app/src/main/java/com/example/rooster/viewmodel/PostViewModel.kt:71:68 Unresolved reference 'userId'.
e: file:///home/user/StudioProjects/rooster-poultry-management/app/src/main/java/com/example/rooster/viewmodel/PostViewModel.kt:85:42 Unresolved reference 'userId'.
e: file:///home/user/StudioProjects/rooster-poultry-management/app/src/main/java/com/example/rooster/viewmodel/PostViewModel.kt:104:42 Unresolved reference 'userId'.
e: file:///home/user/StudioProjects/rooster-poultry-management/app/src/main/java/com/example/rooster/viewmodel/PostViewModel.kt:105:44 Unresolved reference 'username'.
e: file:///home/user/StudioProjects/rooster-poultry-management/app/src/main/java/com/example/rooster/viewmodel/PostViewModel.kt:106:50 Unresolved reference 'profilePicture'.
e: file:///home/user/StudioProjects/rooster-poultry-management/app/src/main/java/com/example/rooster/viewmodel/PostViewModel.kt:125:42 Unresolved reference 'userId'.

FAILURE: Build failed with an exception.

* What went wrong:
Execution failed for task ':app:compileDebugKotlin'.
> A failure occurred while executing org.jetbrains.kotlin.compilerRunner.GradleCompilerRunnerWithWorkers$GradleKotlinCompilerWorkAction
   > Compilation error. See log for more details

* Try:
> Run with --stacktrace option to get the stack trace.
> Run with --info or --debug option to get more log output.
> Run with --scan to get full insights.
> Get more help at https://help.gradle.org.

BUILD FAILED in 16s
132 actionable tasks: 50 executed, 67 from cache, 15 up-to-date
