Type-safe project accessors is an incubating feature.

> Configure project :app
INFO: No release keystore configured; release builds will not be signed here.

> Task :core:core-network:preBuild UP-TO-DATE
> Task :app:checkKotlinGradlePluginConfigurationErrors SKIPPED
> Task :core:core-common:preBuild UP-TO-DATE
> Task :feature:feature-farm:preBuild UP-TO-DATE
> Task :app:preBuild UP-TO-DATE
> Task :core:core-network:preDebugBuild UP-TO-DATE
> Task :feature:feature-farm:preDebugBuild UP-TO-DATE
> Task :app:preDebugBuild UP-TO-DATE
> Task :core:core-common:preDebugBuild UP-TO-DATE
> Task :core:core-network:writeDebugAarMetadata UP-TO-DATE
> Task :feature:feature-farm:writeDebugAarMetadata UP-TO-DATE
> Task :core:core-common:writeDebugAarMetadata UP-TO-DATE
> Task :core:core-network:generateDebugResValues UP-TO-DATE
> Task :feature:feature-farm:generateDebugResValues UP-TO-DATE
> Task :app:generateDebugBuildConfig UP-TO-DATE
> Task :core:core-network:generateDebugResources UP-TO-DATE
> Task :feature:feature-farm:generateDebugResources UP-TO-DATE
> Task :core:core-common:generateDebugResValues UP-TO-DATE
> Task :core:core-common:generateDebugResources UP-TO-DATE
> Task :core:core-network:packageDebugResources UP-TO-DATE
> Task :feature:feature-farm:packageDebugResources UP-TO-DATE
> Task :feature:feature-farm:extractDeepLinksDebug UP-TO-DATE
> Task :core:core-network:extractDeepLinksDebug UP-TO-DATE
> Task :core:core-common:packageDebugResources UP-TO-DATE
> Task :core:core-network:processDebugManifest UP-TO-DATE
> Task :feature:feature-farm:processDebugManifest UP-TO-DATE
> Task :core:core-common:extractDeepLinksDebug UP-TO-DATE
> Task :feature:feature-farm:compileDebugLibraryResources UP-TO-DATE
> Task :core:core-network:compileDebugLibraryResources UP-TO-DATE
> Task :core:core-common:processDebugManifest UP-TO-DATE
> Task :core:core-common:compileDebugLibraryResources UP-TO-DATE
> Task :core:core-network:parseDebugLocalResources UP-TO-DATE
> Task :feature:feature-farm:parseDebugLocalResources UP-TO-DATE
> Task :core:core-common:parseDebugLocalResources UP-TO-DATE
> Task :core:core-network:generateDebugRFile UP-TO-DATE
> Task :core:core-network:checkKotlinGradlePluginConfigurationErrors SKIPPED
> Task :feature:feature-farm:generateDebugRFile UP-TO-DATE
> Task :feature:feature-farm:checkKotlinGradlePluginConfigurationErrors SKIPPED
> Task :core:core-common:generateDebugRFile UP-TO-DATE
> Task :core:core-network:generateDebugBuildConfig UP-TO-DATE
> Task :core:core-common:checkKotlinGradlePluginConfigurationErrors SKIPPED
> Task :core:core-network:javaPreCompileDebug UP-TO-DATE
> Task :feature:feature-farm:javaPreCompileDebug UP-TO-DATE
> Task :core:core-common:kaptGenerateStubsDebugKotlin UP-TO-DATE
> Task :app:checkDebugAarMetadata UP-TO-DATE
> Task :app:generateDebugResValues UP-TO-DATE
> Task :app:injectCrashlyticsMappingFileIdDebug UP-TO-DATE
> Task :app:processDebugGoogleServices UP-TO-DATE
> Task :core:core-common:kaptDebugKotlin UP-TO-DATE
> Task :app:mapDebugSourceSetPaths UP-TO-DATE
> Task :app:generateDebugResources UP-TO-DATE
> Task :core:core-common:compileDebugKotlin UP-TO-DATE
> Task :core:core-common:javaPreCompileDebug UP-TO-DATE
> Task :core:core-common:compileDebugJavaWithJavac NO-SOURCE
> Task :app:mergeDebugResources UP-TO-DATE
> Task :app:packageDebugResources UP-TO-DATE
> Task :app:parseDebugLocalResources UP-TO-DATE
> Task :core:core-common:transformDebugClassesWithAsm UP-TO-DATE
> Task :app:createDebugCompatibleScreenManifests UP-TO-DATE
> Task :core:core-common:bundleLibCompileToJarDebug UP-TO-DATE
> Task :app:extractDeepLinksDebug UP-TO-DATE
> Task :core:core-common:bundleLibRuntimeToJarDebug UP-TO-DATE
> Task :app:processDebugMainManifest UP-TO-DATE
> Task :app:processDebugManifest UP-TO-DATE
> Task :app:processDebugManifestForPackage UP-TO-DATE
> Task :core:core-network:kaptGenerateStubsDebugKotlin UP-TO-DATE
> Task :core:core-network:kaptDebugKotlin UP-TO-DATE
> Task :core:core-network:compileDebugKotlin UP-TO-DATE
> Task :core:core-network:compileDebugJavaWithJavac UP-TO-DATE
> Task :core:core-network:transformDebugClassesWithAsm UP-TO-DATE
> Task :core:core-network:bundleLibCompileToJarDebug UP-TO-DATE
> Task :core:core-network:bundleLibRuntimeToJarDebug UP-TO-DATE
> Task :app:processDebugResources UP-TO-DATE
> Task :feature:feature-farm:kspDebugKotlin UP-TO-DATE
> Task :feature:feature-farm:kaptGenerateStubsDebugKotlin UP-TO-DATE
> Task :feature:feature-farm:kaptDebugKotlin UP-TO-DATE
> Task :feature:feature-farm:compileDebugKotlin UP-TO-DATE
> Task :feature:feature-farm:compileDebugJavaWithJavac UP-TO-DATE
> Task :feature:feature-farm:transformDebugClassesWithAsm UP-TO-DATE
> Task :feature:feature-farm:bundleLibCompileToJarDebug UP-TO-DATE
> Task :app:kspDebugKotlin UP-TO-DATE

> Task :app:compileDebugKotlin FAILED
e: file:///home/user/StudioProjects/rooster-poultry-management/app/src/main/java/com/example/rooster/HighLevelHomeScreen.kt:779:13 None of the following candidates is applicable:
fun Text(text: AnnotatedString, modifier: Modifier = ..., color: Color = ..., fontSize: TextUnit = ..., fontStyle: FontStyle? = ..., fontWeight: FontWeight? = ..., fontFamily: FontFamily? = ..., letterSpacing: TextUnit = ..., textDecoration: TextDecoration? = ..., textAlign: TextAlign? = ..., lineHeight: TextUnit = ..., overflow: TextOverflow = ..., softWrap: Boolean = ..., maxLines: Int = ..., minLines: Int = ..., inlineContent: Map<String, InlineTextContent> = ..., onTextLayout: (TextLayoutResult) -> Unit = ..., style: TextStyle = ...): Unit
fun Text(text: String, modifier: Modifier = ..., color: Color = ..., fontSize: TextUnit = ..., fontStyle: FontStyle? = ..., fontWeight: FontWeight? = ..., fontFamily: FontFamily? = ..., letterSpacing: TextUnit = ..., textDecoration: TextDecoration? = ..., textAlign: TextAlign? = ..., lineHeight: TextUnit = ..., overflow: TextOverflow = ..., softWrap: Boolean = ..., maxLines: Int = ..., minLines: Int = ..., onTextLayout: ((TextLayoutResult) -> Unit)? = ..., style: TextStyle = ...): Unit
e: file:///home/user/StudioProjects/rooster-poultry-management/app/src/main/java/com/example/rooster/HighLevelHomeScreen.kt:866:13 None of the following candidates is applicable:
fun Text(text: AnnotatedString, modifier: Modifier = ..., color: Color = ..., fontSize: TextUnit = ..., fontStyle: FontStyle? = ..., fontWeight: FontWeight? = ..., fontFamily: FontFamily? = ..., letterSpacing: TextUnit = ..., textDecoration: TextDecoration? = ..., textAlign: TextAlign? = ..., lineHeight: TextUnit = ..., overflow: TextOverflow = ..., softWrap: Boolean = ..., maxLines: Int = ..., minLines: Int = ..., inlineContent: Map<String, InlineTextContent> = ..., onTextLayout: (TextLayoutResult) -> Unit = ..., style: TextStyle = ...): Unit
fun Text(text: String, modifier: Modifier = ..., color: Color = ..., fontSize: TextUnit = ..., fontStyle: FontStyle? = ..., fontWeight: FontWeight? = ..., fontFamily: FontFamily? = ..., letterSpacing: TextUnit = ..., textDecoration: TextDecoration? = ..., textAlign: TextAlign? = ..., lineHeight: TextUnit = ..., overflow: TextOverflow = ..., softWrap: Boolean = ..., maxLines: Int = ..., minLines: Int = ..., onTextLayout: ((TextLayoutResult) -> Unit)? = ..., style: TextStyle = ...): Unit
e: file:///home/user/StudioProjects/rooster-poultry-management/app/src/main/java/com/example/rooster/HighLevelHomeScreen.kt:1111:29 No parameter with name 'description' found.
e: file:///home/user/StudioProjects/rooster-poultry-management/app/src/main/java/com/example/rooster/HighLevelHomeScreen.kt:1112:29 No parameter with name 'descriptionTe' found.
e: file:///home/user/StudioProjects/rooster-poultry-management/app/src/main/java/com/example/rooster/HighLevelHomeScreen.kt:1120:29 No parameter with name 'description' found.
e: file:///home/user/StudioProjects/rooster-poultry-management/app/src/main/java/com/example/rooster/HighLevelHomeScreen.kt:1121:29 No parameter with name 'descriptionTe' found.
e: file:///home/user/StudioProjects/rooster-poultry-management/app/src/main/java/com/example/rooster/HighLevelHomeScreen.kt:1129:29 No parameter with name 'description' found.
e: file:///home/user/StudioProjects/rooster-poultry-management/app/src/main/java/com/example/rooster/HighLevelHomeScreen.kt:1130:29 No parameter with name 'descriptionTe' found.
e: file:///home/user/StudioProjects/rooster-poultry-management/app/src/main/java/com/example/rooster/HighLevelHomeScreen.kt:1138:29 No parameter with name 'description' found.
e: file:///home/user/StudioProjects/rooster-poultry-management/app/src/main/java/com/example/rooster/HighLevelHomeScreen.kt:1139:29 No parameter with name 'descriptionTe' found.
e: file:///home/user/StudioProjects/rooster-poultry-management/app/src/main/java/com/example/rooster/HighLevelHomeScreen.kt:1188:19 Argument type mismatch: actual type is 'kotlin.Int', but 'kotlin.String' was expected.
e: file:///home/user/StudioProjects/rooster-poultry-management/app/src/main/java/com/example/rooster/HighLevelHomeScreen.kt:1188:64 Argument type mismatch: actual type is 'kotlin.Int', but 'kotlin.Double' was expected.
e: file:///home/user/StudioProjects/rooster-poultry-management/app/src/main/java/com/example/rooster/HighLevelHomeScreen.kt:1189:19 Argument type mismatch: actual type is 'kotlin.Int', but 'kotlin.String' was expected.
e: file:///home/user/StudioProjects/rooster-poultry-management/app/src/main/java/com/example/rooster/HighLevelHomeScreen.kt:1189:60 Argument type mismatch: actual type is 'kotlin.Int', but 'kotlin.Double' was expected.
e: file:///home/user/StudioProjects/rooster-poultry-management/app/src/main/java/com/example/rooster/HighLevelHomeScreen.kt:1190:19 Argument type mismatch: actual type is 'kotlin.Int', but 'kotlin.String' was expected.
e: file:///home/user/StudioProjects/rooster-poultry-management/app/src/main/java/com/example/rooster/HighLevelHomeScreen.kt:1190:63 Argument type mismatch: actual type is 'kotlin.Int', but 'kotlin.Double' was expected.
e: file:///home/user/StudioProjects/rooster-poultry-management/app/src/main/java/com/example/rooster/HighLevelHomeScreen.kt:1191:19 Argument type mismatch: actual type is 'kotlin.Int', but 'kotlin.String' was expected.
e: file:///home/user/StudioProjects/rooster-poultry-management/app/src/main/java/com/example/rooster/HighLevelHomeScreen.kt:1191:65 Argument type mismatch: actual type is 'kotlin.Int', but 'kotlin.Double' was expected.
e: file:///home/user/StudioProjects/rooster-poultry-management/app/src/main/java/com/example/rooster/HighLevelHomeScreen.kt:1192:19 Argument type mismatch: actual type is 'kotlin.Int', but 'kotlin.String' was expected.
e: file:///home/user/StudioProjects/rooster-poultry-management/app/src/main/java/com/example/rooster/HighLevelHomeScreen.kt:1192:63 Argument type mismatch: actual type is 'kotlin.Int', but 'kotlin.Double' was expected.
e: file:///home/user/StudioProjects/rooster-poultry-management/app/src/main/java/com/example/rooster/MarketplaceScreen.kt:52:64 Unresolved reference 'AUCTIONS'.
e: file:///home/user/StudioProjects/rooster-poultry-management/app/src/main/java/com/example/rooster/NotificationPermissionHandler.kt:83:47 Unresolved reference 'hasNotificationPermission'.
e: file:///home/user/StudioProjects/rooster-poultry-management/app/src/main/java/com/example/rooster/NotificationPermissionHandler.kt:170:55 Unresolved reference 'hasNotificationPermission'.
e: file:///home/user/StudioProjects/rooster-poultry-management/app/src/main/java/com/example/rooster/PerformanceOptimization.kt:154:17 Unresolved reference 'getLegacyNetworkQuality'.
e: file:///home/user/StudioProjects/rooster-poultry-management/app/src/main/java/com/example/rooster/auction/remote/AuctionWebSocketClient.kt:51:64 Argument type mismatch: actual type is 'kotlin.String', but 'kotlin.Double' was expected.
e: file:///home/user/StudioProjects/rooster-poultry-management/app/src/main/java/com/example/rooster/auction/remote/AuctionWebSocketClient.kt:51:74 Argument type mismatch: actual type is 'kotlin.Double', but 'kotlin.String' was expected.
e: file:///home/user/StudioProjects/rooster-poultry-management/app/src/main/java/com/example/rooster/auction/ui/AuctionScreen.kt:237:29 Unresolved reference 'RoundedCornerShape'.
e: file:///home/user/StudioProjects/rooster-poultry-management/app/src/main/java/com/example/rooster/auction/ui/AuctionViewModel.kt:260:33 No parameter with name 'amount' found.
e: file:///home/user/StudioProjects/rooster-poultry-management/app/src/main/java/com/example/rooster/auction/ui/AuctionViewModel.kt:261:33 No parameter with name 'bidderId' found.
e: file:///home/user/StudioProjects/rooster-poultry-management/app/src/main/java/com/example/rooster/auction/ui/AuctionViewModel.kt:263:33 No value passed for parameter 'bidAmount'.
e: file:///home/user/StudioProjects/rooster-poultry-management/app/src/main/java/com/example/rooster/auction/ui/AuctionViewModel.kt:263:33 No value passed for parameter 'bidderName'.
e: file:///home/user/StudioProjects/rooster-poultry-management/app/src/main/java/com/example/rooster/data/repositories/UserRepositoryImpl.kt:13:1 Class 'UserRepositoryImpl' is not abstract and does not implement abstract member 'getUserRole'.
e: file:///home/user/StudioProjects/rooster-poultry-management/app/src/main/java/com/example/rooster/data/repositories/UserRepositoryImpl.kt:15:44 Return type of 'getCurrentUser' is not a subtype of the return type of the overridden member 'suspend fun getCurrentUser(): String?' defined in 'com/example/rooster/domain/repository/UserRepository'.
e: file:///home/user/StudioProjects/rooster-poultry-management/app/src/main/java/com/example/rooster/data/repositories/UserRepositoryImpl.kt:39:5 'getUser' overrides nothing.
e: file:///home/user/StudioProjects/rooster-poultry-management/app/src/main/java/com/example/rooster/data/repositories/UserRepositoryImpl.kt:48:5 'updateUser' overrides nothing.
e: file:///home/user/StudioProjects/rooster-poultry-management/app/src/main/java/com/example/rooster/data/repositories/UserRepositoryImpl.kt:53:5 'updateUserCoins' overrides nothing.
e: file:///home/user/StudioProjects/rooster-poultry-management/app/src/main/java/com/example/rooster/data/repositories/UserRepositoryImpl.kt:63:5 'searchUsers' overrides nothing.
e: file:///home/user/StudioProjects/rooster-poultry-management/app/src/main/java/com/example/rooster/data/sync/DataSyncWorker.kt:22:23 Cannot access 'static fun getLocalDatastore(): OfflineStore!': it is package-private in 'com/parse/Parse'.
e: file:///home/user/StudioProjects/rooster-poultry-management/app/src/main/java/com/example/rooster/services/Back4AppService.kt:36:13 Type mismatch: inferred type is 'kotlin.Unit?', but 'kotlin.Boolean?' was expected.
e: file:///home/user/StudioProjects/rooster-poultry-management/app/src/main/java/com/example/rooster/services/Back4AppService.kt:36:13 Return type mismatch: expected 'kotlin.Boolean', actual 'kotlin.Any'.
e: file:///home/user/StudioProjects/rooster-poultry-management/app/src/main/java/com/example/rooster/services/Back4AppService.kt:215:20 Type mismatch: inferred type is 'kotlin.Unit?', but 'com.example.rooster.services.HealthStatus?' was expected.
e: file:///home/user/StudioProjects/rooster-poultry-management/app/src/main/java/com/example/rooster/services/Back4AppService.kt:215:20 Return type mismatch: expected 'com.example.rooster.services.HealthStatus', actual 'kotlin.Any'.
e: file:///home/user/StudioProjects/rooster-poultry-management/app/src/main/java/com/example/rooster/ui/EnhancedAuctionCreationScreen.kt:246:56 Unresolved reference 'MARKETPLACE'.
e: file:///home/user/StudioProjects/rooster-poultry-management/app/src/main/java/com/example/rooster/ui/EnhancedAuctionCreationScreen.kt:247:45 Unresolved reference 'MARKETPLACE'.
e: file:///home/user/StudioProjects/rooster-poultry-management/app/src/main/java/com/example/rooster/ui/EnhancedAuctionCreationScreen.kt:248:25 Cannot access 'var inclusive: Boolean': it is private in 'androidx/navigation/NavOptionsBuilder'.
e: file:///home/user/StudioProjects/rooster-poultry-management/app/src/main/java/com/example/rooster/ui/EnhancedAuctionCreationScreen.kt:261:64 Unresolved reference 'MARKETPLACE'.
e: file:///home/user/StudioProjects/rooster-poultry-management/app/src/main/java/com/example/rooster/ui/EnhancedAuctionCreationScreen.kt:262:53 Unresolved reference 'MARKETPLACE'.
e: file:///home/user/StudioProjects/rooster-poultry-management/app/src/main/java/com/example/rooster/ui/EnhancedAuctionCreationScreen.kt:263:33 Cannot access 'var inclusive: Boolean': it is private in 'androidx/navigation/NavOptionsBuilder'.
e: file:///home/user/StudioProjects/rooster-poultry-management/app/src/main/java/com/example/rooster/ui/RoleBasedNavigation.kt:31:35 Unresolved reference 'Modifier'.
e: file:///home/user/StudioProjects/rooster-poultry-management/app/src/main/java/com/example/rooster/ui/components/PhotoUploadComponents.kt:80:45 Unresolved reference 'newUri'.
e: file:///home/user/StudioProjects/rooster-poultry-management/app/src/main/java/com/example/rooster/ui/create/CreatePostScreen.kt:144:21 No parameter with name 'mediaTypes' found.
e: file:///home/user/StudioProjects/rooster-poultry-management/app/src/main/java/com/example/rooster/ui/farm/FarmDashboardScreen.kt:72:26 Unresolved reference 'FarmDashboardTab'.
e: file:///home/user/StudioProjects/rooster-poultry-management/app/src/main/java/com/example/rooster/ui/farm/FarmDashboardScreen.kt:1019:28 Unresolved reference 'NavigationRoute'.
e: file:///home/user/StudioProjects/rooster-poultry-management/app/src/main/java/com/example/rooster/ui/farm/FarmDashboardScreen.kt:1024:28 Unresolved reference 'NavigationRoute'.
e: file:///home/user/StudioProjects/rooster-poultry-management/app/src/main/java/com/example/rooster/ui/farm/FarmDashboardScreen.kt:1029:28 Unresolved reference 'NavigationRoute'.
e: file:///home/user/StudioProjects/rooster-poultry-management/app/src/main/java/com/example/rooster/ui/farm/FarmDashboardScreen.kt:1034:28 Unresolved reference 'NavigationRoute'.
e: file:///home/user/StudioProjects/rooster-poultry-management/app/src/main/java/com/example/rooster/ui/farm/FarmDashboardScreen.kt:1038:65 Unresolved reference 'Chicken'.
e: file:///home/user/StudioProjects/rooster-poultry-management/app/src/main/java/com/example/rooster/ui/farm/FarmDashboardScreen.kt:1039:28 Unresolved reference 'NavigationRoute'.
e: file:///home/user/StudioProjects/rooster-poultry-management/app/src/main/java/com/example/rooster/ui/farm/FarmDashboardScreen.kt:1044:28 Unresolved reference 'NavigationRoute'.
e: file:///home/user/StudioProjects/rooster-poultry-management/app/src/main/java/com/example/rooster/ui/farm/FarmDashboardScreen.kt:1049:28 Unresolved reference 'NavigationRoute'.
e: file:///home/user/StudioProjects/rooster-poultry-management/app/src/main/java/com/example/rooster/ui/farm/FarmDashboardScreen.kt:1064:28 Unresolved reference 'NavigationRoute'.
e: file:///home/user/StudioProjects/rooster-poultry-management/app/src/main/java/com/example/rooster/ui/farm/FarmDashboardScreen.kt:1069:28 Unresolved reference 'NavigationRoute'.
e: file:///home/user/StudioProjects/rooster-poultry-management/app/src/main/java/com/example/rooster/ui/farm/FarmDashboardScreen.kt:1084:28 Unresolved reference 'NavigationRoute'.
e: file:///home/user/StudioProjects/rooster-poultry-management/app/src/main/java/com/example/rooster/ui/farm/FarmDashboardScreen.kt:1089:28 Unresolved reference 'NavigationRoute'.
e: file:///home/user/StudioProjects/rooster-poultry-management/app/src/main/java/com/example/rooster/ui/farm/FarmDashboardScreen.kt:1094:28 Unresolved reference 'NavigationRoute'.
e: file:///home/user/StudioProjects/rooster-poultry-management/app/src/main/java/com/example/rooster/ui/farm/FarmDashboardScreen.kt:1099:28 Unresolved reference 'NavigationRoute'.
e: file:///home/user/StudioProjects/rooster-poultry-management/app/src/main/java/com/example/rooster/ui/farm/FarmDashboardScreen.kt:1104:28 Unresolved reference 'NavigationRoute'.
e: file:///home/user/StudioProjects/rooster-poultry-management/app/src/main/java/com/example/rooster/ui/farm/FarmDashboardScreen.kt:1109:28 Unresolved reference 'NavigationRoute'.
e: file:///home/user/StudioProjects/rooster-poultry-management/app/src/main/java/com/example/rooster/ui/farm/SimpleFarmerScreen.kt:169:45 Unresolved reference 'Waving'.
e: file:///home/user/StudioProjects/rooster-poultry-management/app/src/main/java/com/example/rooster/ui/marketplace/CreateListingScreen.kt:88:19 Unresolved reference 'setContext'.
e: file:///home/user/StudioProjects/rooster-poultry-management/app/src/main/java/com/example/rooster/ui/payment/PaymentScreen.kt:62:54 Unresolved reference 'placeOrder'.
e: file:///home/user/StudioProjects/rooster-poultry-management/app/src/main/java/com/example/rooster/ui/payment/PaymentScreen.kt:66:21 Cannot infer type for this parameter. Please specify it explicitly.
e: file:///home/user/StudioProjects/rooster-poultry-management/app/src/main/java/com/example/rooster/util/CrashPrevention.kt:130:16 Return type mismatch: expected 'T?', actual 'kotlin.Unit?'.
e: file:///home/user/StudioProjects/rooster-poultry-management/app/src/main/java/com/example/rooster/util/CrashPrevention.kt:131:47 Argument type mismatch: actual type is 'kotlin.Function1<android.content.Context, T>', but 'kotlin.Function0<kotlin.Unit>' was expected.
e: file:///home/user/StudioProjects/rooster-poultry-management/app/src/main/java/com/example/rooster/viewmodel/ChatViewModel.kt:61:44 Unresolved reference 'userId'.
e: file:///home/user/StudioProjects/rooster-poultry-management/app/src/main/java/com/example/rooster/viewmodel/ChatViewModel.kt:89:68 Unresolved reference 'userId'.
e: file:///home/user/StudioProjects/rooster-poultry-management/app/src/main/java/com/example/rooster/viewmodel/ChatViewModel.kt:156:71 Unresolved reference 'userId'.
e: file:///home/user/StudioProjects/rooster-poultry-management/app/src/main/java/com/example/rooster/viewmodel/PaymentViewModel.kt:57:42 Unresolved reference 'userId'.
e: file:///home/user/StudioProjects/rooster-poultry-management/app/src/main/java/com/example/rooster/viewmodel/PaymentViewModel.kt:85:40 Unresolved reference 'coins'.
e: file:///home/user/StudioProjects/rooster-poultry-management/app/src/main/java/com/example/rooster/viewmodel/PaymentViewModel.kt:91:38 Unresolved reference 'userId'.
e: file:///home/user/StudioProjects/rooster-poultry-management/app/src/main/java/com/example/rooster/viewmodel/PaymentViewModel.kt:98:28 Unresolved reference 'updateUserCoins'.
e: file:///home/user/StudioProjects/rooster-poultry-management/app/src/main/java/com/example/rooster/viewmodel/PaymentViewModel.kt:98:56 Unresolved reference 'userId'.
e: file:///home/user/StudioProjects/rooster-poultry-management/app/src/main/java/com/example/rooster/viewmodel/PaymentViewModel.kt:138:53 Unresolved reference 'coins'.
e: file:///home/user/StudioProjects/rooster-poultry-management/app/src/main/java/com/example/rooster/viewmodel/PaymentViewModel.kt:154:42 Unresolved reference 'userId'.
e: file:///home/user/StudioProjects/rooster-poultry-management/app/src/main/java/com/example/rooster/viewmodel/PaymentViewModel.kt:161:32 Unresolved reference 'updateUserCoins'.
e: file:///home/user/StudioProjects/rooster-poultry-management/app/src/main/java/com/example/rooster/viewmodel/PaymentViewModel.kt:161:60 Unresolved reference 'userId'.
e: file:///home/user/StudioProjects/rooster-poultry-management/app/src/main/java/com/example/rooster/viewmodel/PaymentViewModel.kt:161:80 Unresolved reference 'coins'.
e: file:///home/user/StudioProjects/rooster-poultry-management/app/src/main/java/com/example/rooster/viewmodel/PaymentViewModel.kt:163:53 Unresolved reference 'coins'.
e: file:///home/user/StudioProjects/rooster-poultry-management/app/src/main/java/com/example/rooster/viewmodel/PaymentViewModel.kt:173:84 Unresolved reference 'userId'.
e: file:///home/user/StudioProjects/rooster-poultry-management/app/src/main/java/com/example/rooster/viewmodel/PaymentViewModel.kt:177:86 Unresolved reference 'userId'.
e: file:///home/user/StudioProjects/rooster-poultry-management/app/src/main/java/com/example/rooster/viewmodel/PostViewModel.kt:51:38 Unresolved reference 'userId'.
e: file:///home/user/StudioProjects/rooster-poultry-management/app/src/main/java/com/example/rooster/viewmodel/PostViewModel.kt:52:40 Unresolved reference 'username'.
e: file:///home/user/StudioProjects/rooster-poultry-management/app/src/main/java/com/example/rooster/viewmodel/PostViewModel.kt:53:46 Unresolved reference 'profilePicture'.
e: file:///home/user/StudioProjects/rooster-poultry-management/app/src/main/java/com/example/rooster/viewmodel/PostViewModel.kt:71:68 Unresolved reference 'userId'.
e: file:///home/user/StudioProjects/rooster-poultry-management/app/src/main/java/com/example/rooster/viewmodel/PostViewModel.kt:85:42 Unresolved reference 'userId'.
e: file:///home/user/StudioProjects/rooster-poultry-management/app/src/main/java/com/example/rooster/viewmodel/PostViewModel.kt:104:42 Unresolved reference 'userId'.
e: file:///home/user/StudioProjects/rooster-poultry-management/app/src/main/java/com/example/rooster/viewmodel/PostViewModel.kt:105:44 Unresolved reference 'username'.
e: file:///home/user/StudioProjects/rooster-poultry-management/app/src/main/java/com/example/rooster/viewmodel/PostViewModel.kt:106:50 Unresolved reference 'profilePicture'.
e: file:///home/user/StudioProjects/rooster-poultry-management/app/src/main/java/com/example/rooster/viewmodel/PostViewModel.kt:125:42 Unresolved reference 'userId'.

FAILURE: Build failed with an exception.

* What went wrong:
Execution failed for task ':app:compileDebugKotlin'.
> A failure occurred while executing org.jetbrains.kotlin.compilerRunner.GradleCompilerRunnerWithWorkers$GradleKotlinCompilerWorkAction
   > Compilation error. See log for more details

* Try:
> Run with --stacktrace option to get the stack trace.
> Run with --info or --debug option to get more log output.
> Run with --scan to get full insights.
> Get more help at https://help.gradle.org.

BUILD FAILED in 15s
69 actionable tasks: 1 executed, 68 up-to-date
